2026-08-16T09:57:28.164989Z	Cloning repository...
2026-08-16T09:57:29.785201Z	From https://github.com/musahabibulloh/HariyaniBatikWebsite
2026-08-16T09:57:29.785551Z	 * branch            0d7a6249fc5668e4682249a9e1cd47c8da6f40e2 -> FETCH_HEAD
2026-08-16T09:57:29.785612Z	
2026-08-16T09:57:29.805811Z	HEAD is now at 0d7a624 trigger: force new deployment for cloudflare pages
2026-08-16T09:57:29.806135Z	
2026-08-16T09:57:29.848448Z	
2026-08-16T09:57:29.848821Z	Using v2 root directory strategy
2026-08-16T09:57:29.86652Z	Success: Finished cloning repository files
2026-08-16T09:57:31.274419Z	Checking for configuration in a Wrangler configuration file (BETA)
2026-08-16T09:57:31.275504Z	
2026-08-16T09:57:31.411426Z	No Wrangler configuration file found. Continuing.
2026-08-16T09:57:31.687506Z	Detected the following tools from environment: npm@10.9.2, nodejs@22.16.0
2026-08-16T09:57:31.688075Z	Installing project dependencies: npm clean-install --progress=false
2026-08-16T09:57:40.060051Z	npm warn deprecated @cloudflare/next-on-pages@1.13.16: Please use the OpenNext adapter instead: https://opennext.js.org/cloudflare
2026-08-16T09:57:52.230942Z	
2026-08-16T09:57:52.231404Z	added 454 packages, and audited 455 packages in 19s
2026-08-16T09:57:52.231497Z	
2026-08-16T09:57:52.23156Z	164 packages are looking for funding
2026-08-16T09:57:52.23162Z	  run `npm fund` for details
2026-08-16T09:57:52.268278Z	
2026-08-16T09:57:52.2687Z	6 vulnerabilities (1 low, 3 moderate, 2 high)
2026-08-16T09:57:52.268851Z	
2026-08-16T09:57:52.268951Z	To address issues that do not require attention, run:
2026-08-16T09:57:52.269053Z	  npm audit fix
2026-08-16T09:57:52.269128Z	
2026-08-16T09:57:52.269222Z	Some issues need review, and may require choosing
2026-08-16T09:57:52.269294Z	a different dependency.
2026-08-16T09:57:52.269357Z	
2026-08-16T09:57:52.269422Z	Run `npm audit` for details.
2026-08-16T09:57:52.34749Z	Executing user command: npm_config_legacy_peer_deps=true npx @cloudflare/next-on-pages@1
2026-08-16T09:57:54.149441Z	⚡️ @cloudflare/next-on-pages CLI v.1.13.16
2026-08-16T09:57:54.323515Z	⚡️ Detected Package Manager: npm (10.9.2)
2026-08-16T09:57:54.324101Z	⚡️ Preparing project...
2026-08-16T09:57:54.326515Z	⚡️ Project is ready
2026-08-16T09:57:54.326746Z	⚡️ Building project...
2026-08-16T09:57:55.15769Z	▲  npm warn exec The following package was not found and will be installed: vercel@59.1.3
2026-08-16T09:58:05.88503Z	▲  npm warn deprecated stream-to-promise@2.2.0: Deprecated. Use node:stream/promises and node:stream/consumers instead.
2026-08-16T09:58:07.427938Z	▲  npm warn deprecated tar@7.5.7: Old versions of tar are not supported, and contain widely publicized security vulnerabilities, which have been fixed in the current version. Please update. Support for old versions may be purchased (at exorbitant rates) by contacting i@izs.me
2026-08-16T09:58:11.29234Z	▲  Vercel CLI 59.1.3 (Node.js 22.16.0)
2026-08-16T09:58:11.307898Z	▲  > NOTE: The Vercel CLI now collects telemetry regarding usage of the CLI.
2026-08-16T09:58:11.308198Z	▲  > This information is used to shape the CLI roadmap and prioritize features.
2026-08-16T09:58:11.308474Z	▲  > You can learn more, including how to opt-out if you'd not like to participate in this program, by visiting the following URL:
2026-08-16T09:58:11.308607Z	▲  > https://vercel.com/docs/cli/about-telemetry
2026-08-16T09:58:11.524102Z	▲  WARNING! Build not running on Vercel. System environment variables will not be available.
2026-08-16T09:58:11.738335Z	▲  Installing dependencies...
2026-08-16T09:58:13.156408Z	▲  up to date in 1s
2026-08-16T09:58:13.156769Z	▲  164 packages are looking for funding
2026-08-16T09:58:13.156858Z	▲  run `npm fund` for details
2026-08-16T09:58:13.170351Z	▲  Detected Next.js version: 16.3.1
2026-08-16T09:58:13.175405Z	▲  Running "npm run build"
2026-08-16T09:58:13.366071Z	▲  > frontend@0.1.0 build
2026-08-16T09:58:13.368292Z	▲  > next build
2026-08-16T09:58:13.930146Z	▲  ▲ Next.js 16.3.1 (Turbopack)
2026-08-16T09:58:13.954066Z	▲  ✓ Running next.config.ts took 24ms
2026-08-16T09:58:13.959693Z	▲  Attention: Next.js now collects completely anonymous telemetry regarding usage.
2026-08-16T09:58:13.959998Z	▲  This information is used to shape Next.js' roadmap and prioritize features.
2026-08-16T09:58:13.960089Z	▲  You can learn more, including how to opt-out if you'd not like to participate in this anonymous program, by visiting the following URL:
2026-08-16T09:58:13.96019Z	▲  https://nextjs.org/telemetry
2026-08-16T09:58:13.960378Z	▲  
2026-08-16T09:58:13.973151Z	▲  
2026-08-16T09:58:14.045759Z	▲  Creating an optimized production build ...
2026-08-16T09:58:22.566546Z	▲  
2026-08-16T09:58:22.566859Z	▲  > Build error occurred
2026-08-16T09:58:22.571801Z	▲  Error: Turbopack build failed with 10 errors:
2026-08-16T09:58:22.572114Z	▲  ./src/app/admin/activities/[id]/page.tsx:2:1
2026-08-16T09:58:22.572719Z	▲  Error: The "use client" directive must be placed before other expressions. Move it to the top of the file to resolve this issue.
2026-08-16T09:58:22.57278Z	▲  [90m1 |[0m [36mexport[0m [36mconst[0m runtime = [32m'edge'[0m;
2026-08-16T09:58:22.572829Z	▲  [31m[1m>[0m [90m2 |[0m [32m"use client"[0m;
2026-08-16T09:58:22.572908Z	▲  [90m  |[0m [31m[1m^^^^^^^^^^^^^[0m
2026-08-16T09:58:22.572966Z	▲  [90m3 |[0m
2026-08-16T09:58:22.573025Z	▲  [90m4 |[0m [36mimport[0m { useState, useEffect, use } [36mfrom[0m [32m"react"[0m;
2026-08-16T09:58:22.573092Z	▲  [90m5 |[0m [36mimport[0m { useRouter } [36mfrom[0m [32m"next/navigation"[0m;
2026-08-16T09:58:22.57315Z	▲  
2026-08-16T09:58:22.573197Z	▲  Ecmascript file had an error
2026-08-16T09:58:22.573263Z	▲  
2026-08-16T09:58:22.573312Z	▲  
2026-08-16T09:58:22.573374Z	▲  ./src/app/admin/products/[id]/page.tsx:2:1
2026-08-16T09:58:22.573431Z	▲  Error: The "use client" directive must be placed before other expressions. Move it to the top of the file to resolve this issue.
2026-08-16T09:58:22.573477Z	▲  [90m1 |[0m [36mexport[0m [36mconst[0m runtime = [32m'edge'[0m;
2026-08-16T09:58:22.573526Z	▲  [31m[1m>[0m [90m2 |[0m [32m"use client"[0m;
2026-08-16T09:58:22.573573Z	▲  [90m  |[0m [31m[1m^^^^^^^^^^^^^[0m
2026-08-16T09:58:22.573624Z	▲  [90m3 |[0m
2026-08-16T09:58:22.573675Z	▲  [90m4 |[0m [36mimport[0m { useState, useEffect, use } [36mfrom[0m [32m"react"[0m;
2026-08-16T09:58:22.573729Z	▲  [90m5 |[0m [36mimport[0m { useRouter } [36mfrom[0m [32m"next/navigation"[0m;
2026-08-16T09:58:22.573771Z	▲  
2026-08-16T09:58:22.573815Z	▲  Ecmascript file had an error
2026-08-16T09:58:22.573935Z	▲  
2026-08-16T09:58:22.574004Z	▲  
2026-08-16T09:58:22.574078Z	▲  ./src/app/admin/activities/[id]/page.tsx:4:20
2026-08-16T09:58:22.574135Z	▲  Error: You're importing a module that depends on `useEffect` into a React Server Component module. This API is only available in Client Components. To fix, mark the file (or its parent) with the `"use client"` directive.
2026-08-16T09:58:22.574202Z	▲    Learn more: https://nextjs.org/docs/app/api-reference/directives/use-client
2026-08-16T09:58:22.57426Z	▲  [90m2 |[0m [32m"use client"[0m;
2026-08-16T09:58:22.574305Z	▲  [90m3 |[0m
2026-08-16T09:58:22.574352Z	▲  [31m[1m>[0m [90m4 |[0m [36mimport[0m { useState, useEffect, use } [36mfrom[0m [32m"react"[0m;
2026-08-16T09:58:22.574412Z	▲  [90m  |[0m                    [31m[1m^^^^^^^^^[0m
2026-08-16T09:58:22.574463Z	▲  [90m5 |[0m [36mimport[0m { useRouter } [36mfrom[0m [32m"next/navigation"[0m;
2026-08-16T09:58:22.57452Z	▲  [90m6 |[0m [36mimport[0m { supabase } [36mfrom[0m [32m"@/lib/supabase"[0m;
2026-08-16T09:58:22.574574Z	▲  [90m7 |[0m
2026-08-16T09:58:22.57463Z	▲  
2026-08-16T09:58:22.574682Z	▲  Ecmascript file had an error
2026-08-16T09:58:22.574727Z	▲  
2026-08-16T09:58:22.57477Z	▲  
2026-08-16T09:58:22.574814Z	▲  ./src/app/admin/products/[id]/page.tsx:4:20
2026-08-16T09:58:22.574861Z	▲  Error: You're importing a module that depends on `useEffect` into a React Server Component module. This API is only available in Client Components. To fix, mark the file (or its parent) with the `"use client"` directive.
2026-08-16T09:58:22.574919Z	▲    Learn more: https://nextjs.org/docs/app/api-reference/directives/use-client
2026-08-16T09:58:22.574957Z	▲  [90m2 |[0m [32m"use client"[0m;
2026-08-16T09:58:22.574996Z	▲  [90m3 |[0m
2026-08-16T09:58:22.575039Z	▲  [31m[1m>[0m [90m4 |[0m [36mimport[0m { useState, useEffect, use } [36mfrom[0m [32m"react"[0m;
2026-08-16T09:58:22.575075Z	▲  [90m  |[0m                    [31m[1m^^^^^^^^^[0m
2026-08-16T09:58:22.575106Z	▲  [90m5 |[0m [36mimport[0m { useRouter } [36mfrom[0m [32m"next/navigation"[0m;
2026-08-16T09:58:22.575145Z	▲  [90m6 |[0m [36mimport[0m { supabase } [36mfrom[0m [32m"@/lib/supabase"[0m;
2026-08-16T09:58:22.575183Z	▲  [90m7 |[0m
2026-08-16T09:58:22.575232Z	▲  
2026-08-16T09:58:22.575287Z	▲  Ecmascript file had an error
2026-08-16T09:58:22.57534Z	▲  
2026-08-16T09:58:22.575384Z	▲  
2026-08-16T09:58:22.575432Z	▲  ./src/app/admin/activities/[id]/page.tsx:5:10
2026-08-16T09:58:22.575481Z	▲  Error: You're importing a module that depends on `useRouter` into a React Server Component module. This API is only available in Client Components. To fix, mark the file (or its parent) with the `"use client"` directive.
2026-08-16T09:58:22.575537Z	▲    Learn more: https://nextjs.org/docs/app/api-reference/directives/use-client
2026-08-16T09:58:22.575583Z	▲  [90m3 |[0m
2026-08-16T09:58:22.575627Z	▲  [90m4 |[0m [36mimport[0m { useState, useEffect, use } [36mfrom[0m [32m"react"[0m;
2026-08-16T09:58:22.575675Z	▲  [31m[1m>[0m [90m5 |[0m [36mimport[0m { useRouter } [36mfrom[0m [32m"next/navigation"[0m;
2026-08-16T09:58:22.575721Z	▲  [90m  |[0m          [31m[1m^^^^^^^^^[0m
2026-08-16T09:58:22.575767Z	▲  [90m6 |[0m [36mimport[0m { supabase } [36mfrom[0m [32m"@/lib/supabase"[0m;
2026-08-16T09:58:22.575812Z	▲  [90m7 |[0m
2026-08-16T09:58:22.575861Z	▲  [90m8 |[0m [36mexport[0m [36mdefault[0m [36mfunction[0m [33mEditActivity[0m({ params }: { params: [33mPromise[0m<{ id: string }> }) {
2026-08-16T09:58:22.575923Z	▲  
2026-08-16T09:58:22.575964Z	▲  Ecmascript file had an error
2026-08-16T09:58:22.575997Z	▲  
2026-08-16T09:58:22.576028Z	▲  
2026-08-16T09:58:22.576098Z	▲  ./src/app/admin/products/[id]/page.tsx:5:10
2026-08-16T09:58:22.576158Z	▲  Error: You're importing a module that depends on `useRouter` into a React Server Component module. This API is only available in Client Components. To fix, mark the file (or its parent) with the `"use client"` directive.
2026-08-16T09:58:22.576407Z	▲    Learn more: https://nextjs.org/docs/app/api-reference/directives/use-client
2026-08-16T09:58:22.576484Z	▲  [90m3 |[0m
2026-08-16T09:58:22.576526Z	▲  [90m4 |[0m [36mimport[0m { useState, useEffect, use } [36mfrom[0m [32m"react"[0m;
2026-08-16T09:58:22.576562Z	▲  [31m[1m>[0m [90m5 |[0m [36mimport[0m { useRouter } [36mfrom[0m [32m"next/navigation"[0m;
2026-08-16T09:58:22.576596Z	▲  [90m  |[0m          [31m[1m^^^^^^^^^[0m
2026-08-16T09:58:22.576628Z	▲  [90m6 |[0m [36mimport[0m { supabase } [36mfrom[0m [32m"@/lib/supabase"[0m;
2026-08-16T09:58:22.576664Z	▲  [90m7 |[0m
2026-08-16T09:58:22.576715Z	▲  [90m8 |[0m [36mexport[0m [36mdefault[0m [36mfunction[0m [33mEditProduct[0m({ params }: { params: [33mPromise[0m<{ id: string }> }) {
2026-08-16T09:58:22.576764Z	▲  
2026-08-16T09:58:22.576818Z	▲  Ecmascript file had an error
2026-08-16T09:58:22.576959Z	▲  
2026-08-16T09:58:22.577025Z	▲  
2026-08-16T09:58:22.577076Z	▲  ./src/app/admin/activities/[id]/page.tsx:4:10
2026-08-16T09:58:22.577119Z	▲  Error: You're importing a module that depends on `useState` into a React Server Component module. This API is only available in Client Components. To fix, mark the file (or its parent) with the `"use client"` directive.
2026-08-16T09:58:22.577168Z	▲    Learn more: https://nextjs.org/docs/app/api-reference/directives/use-client
2026-08-16T09:58:22.57721Z	▲  [90m2 |[0m [32m"use client"[0m;
2026-08-16T09:58:22.577286Z	▲  [90m3 |[0m
2026-08-16T09:58:22.577346Z	▲  [31m[1m>[0m [90m4 |[0m [36mimport[0m { useState, useEffect, use } [36mfrom[0m [32m"react"[0m;
2026-08-16T09:58:22.577396Z	▲  [90m  |[0m          [31m[1m^^^^^^^^[0m
2026-08-16T09:58:22.577438Z	▲  [90m5 |[0m [36mimport[0m { useRouter } [36mfrom[0m [32m"next/navigation"[0m;
2026-08-16T09:58:22.577479Z	▲  [90m6 |[0m [36mimport[0m { supabase } [36mfrom[0m [32m"@/lib/supabase"[0m;
2026-08-16T09:58:22.577513Z	▲  [90m7 |[0m
2026-08-16T09:58:22.577544Z	▲  
2026-08-16T09:58:22.577577Z	▲  Ecmascript file had an error
2026-08-16T09:58:22.577633Z	▲  
2026-08-16T09:58:22.577683Z	▲  
2026-08-16T09:58:22.577727Z	▲  ./src/app/admin/products/[id]/page.tsx:4:10
2026-08-16T09:58:22.57778Z	▲  Error: You're importing a module that depends on `useState` into a React Server Component module. This API is only available in Client Components. To fix, mark the file (or its parent) with the `"use client"` directive.
2026-08-16T09:58:22.577842Z	▲    Learn more: https://nextjs.org/docs/app/api-reference/directives/use-client
2026-08-16T09:58:22.577901Z	▲  [90m2 |[0m [32m"use client"[0m;
2026-08-16T09:58:22.577941Z	▲  [90m3 |[0m
2026-08-16T09:58:22.578021Z	▲  [31m[1m>[0m [90m4 |[0m [36mimport[0m { useState, useEffect, use } [36mfrom[0m [32m"react"[0m;
2026-08-16T09:58:22.578095Z	▲  [90m  |[0m          [31m[1m^^^^^^^^[0m
2026-08-16T09:58:22.578144Z	▲  [90m5 |[0m [36mimport[0m { useRouter } [36mfrom[0m [32m"next/navigation"[0m;
2026-08-16T09:58:22.578187Z	▲  [90m6 |[0m [36mimport[0m { supabase } [36mfrom[0m [32m"@/lib/supabase"[0m;
2026-08-16T09:58:22.578221Z	▲  [90m7 |[0m
2026-08-16T09:58:22.578274Z	▲  
2026-08-16T09:58:22.578333Z	▲  Ecmascript file had an error
2026-08-16T09:58:22.578382Z	▲  
2026-08-16T09:58:22.578431Z	▲  
2026-08-16T09:58:22.578477Z	▲  ./src/app/admin/activities/[id]/page.tsx:5:1
2026-08-16T09:58:22.57853Z	▲  Error: Export useRouter doesn't exist in target module
2026-08-16T09:58:22.578572Z	▲  [90m3 |[0m
2026-08-16T09:58:22.578615Z	▲  [90m4 |[0m [36mimport[0m { useState, useEffect, use } [36mfrom[0m [32m"react"[0m;
2026-08-16T09:58:22.578669Z	▲  [31m[1m>[0m [90m5 |[0m [36mimport[0m { useRouter } [36mfrom[0m [32m"next/navigation"[0m;
2026-08-16T09:58:22.578724Z	▲  [90m  |[0m [31m[1m^^^^^^^^^^^^^^^^^^^^^^^^^^^^^^^^^^^^^^^^^^^^[0m
2026-08-16T09:58:22.578772Z	▲  [90m6 |[0m [36mimport[0m { supabase } [36mfrom[0m [32m"@/lib/supabase"[0m;
2026-08-16T09:58:22.578819Z	▲  [90m7 |[0m
2026-08-16T09:58:22.578853Z	▲  [90m8 |[0m [36mexport[0m [36mdefault[0m [36mfunction[0m [33mEditActivity[0m({ params }: { params: [33mPromise[0m<{ id: string }> }) {
2026-08-16T09:58:22.578909Z	▲  
2026-08-16T09:58:22.578951Z	▲  The export useRouter was not found in module [project]/node_modules/next/dist/esm/api/navigation.react-server.js [app-edge-rsc] (ecmascript).
2026-08-16T09:58:22.578985Z	▲  Did you mean to import unauthorized?
2026-08-16T09:58:22.579018Z	▲  All exports of the module are statically known (It doesn't have dynamic exports). So it's known statically that the requested export doesn't exist.
2026-08-16T09:58:22.579062Z	▲  
2026-08-16T09:58:22.579107Z	▲  
2026-08-16T09:58:22.579159Z	▲  ./src/app/admin/products/[id]/page.tsx:5:1
2026-08-16T09:58:22.57921Z	▲  Error: Export useRouter doesn't exist in target module
2026-08-16T09:58:22.579253Z	▲  [90m3 |[0m
2026-08-16T09:58:22.579295Z	▲  [90m4 |[0m [36mimport[0m { useState, useEffect, use } [36mfrom[0m [32m"react"[0m;
2026-08-16T09:58:22.579339Z	▲  [31m[1m>[0m [90m5 |[0m [36mimport[0m { useRouter } [36mfrom[0m [32m"next/navigation"[0m;
2026-08-16T09:58:22.579389Z	▲  [90m  |[0m [31m[1m^^^^^^^^^^^^^^^^^^^^^^^^^^^^^^^^^^^^^^^^^^^^[0m
2026-08-16T09:58:22.579437Z	▲  [90m6 |[0m [36mimport[0m { supabase } [36mfrom[0m [32m"@/lib/supabase"[0m;
2026-08-16T09:58:22.579485Z	▲  [90m7 |[0m
2026-08-16T09:58:22.579528Z	▲  [90m8 |[0m [36mexport[0m [36mdefault[0m [36mfunction[0m [33mEditProduct[0m({ params }: { params: [33mPromise[0m<{ id: string }> }) {
2026-08-16T09:58:22.579571Z	▲  
2026-08-16T09:58:22.579625Z	▲  The export useRouter was not found in module [project]/node_modules/next/dist/esm/api/navigation.react-server.js [app-edge-rsc] (ecmascript).
2026-08-16T09:58:22.579667Z	▲  Did you mean to import unauthorized?
2026-08-16T09:58:22.579703Z	▲  All exports of the module are statically known (It doesn't have dynamic exports). So it's known statically that the requested export doesn't exist.
2026-08-16T09:58:22.579735Z	▲  
2026-08-16T09:58:22.579772Z	▲  
2026-08-16T09:58:22.579804Z	▲    at <unknown> (./src/app/admin/activities/[id]/page.tsx:2:1)
2026-08-16T09:58:22.579836Z	▲    at <unknown> (./src/app/admin/products/[id]/page.tsx:2:1)
2026-08-16T09:58:22.579876Z	▲    at <unknown> (./src/app/admin/activities/[id]/page.tsx:4:20)
2026-08-16T09:58:22.579941Z	▲    at <unknown> (./src/app/admin/products/[id]/page.tsx:4:20)
2026-08-16T09:58:22.580004Z	▲    at <unknown> (./src/app/admin/activities/[id]/page.tsx:5:10)
2026-08-16T09:58:22.580058Z	▲    at <unknown> (./src/app/admin/products/[id]/page.tsx:5:10)
2026-08-16T09:58:22.580107Z	▲    at <unknown> (./src/app/admin/activities/[id]/page.tsx:4:10)
2026-08-16T09:58:22.580159Z	▲    at <unknown> (./src/app/admin/products/[id]/page.tsx:4:10)
2026-08-16T09:58:22.580213Z	▲    at <unknown> (./src/app/admin/activities/[id]/page.tsx:5:1)
2026-08-16T09:58:22.580269Z	▲    at <unknown> (./src/app/admin/products/[id]/page.tsx:5:1)
2026-08-16T09:58:22.701382Z	▲  Error: Command "npm run build" exited with 1
2026-08-16T09:58:22.800732Z	
2026-08-16T09:58:22.801054Z	⚡️ The Vercel build (`npx vercel build`) command failed. For more details see the Vercel logs above.
2026-08-16T09:58:22.801151Z	⚡️ If you need help solving the issue, refer to the Vercel or Next.js documentation or their repositories.
2026-08-16T09:58:22.801322Z	
2026-08-16T09:58:22.824128Z	Failed: Error while executing user command. Exited with error code: 1
2026-08-16T09:58:22.830407Z	Failed: build command exited with code: 1
2026-08-16T09:58:23.486363Z	Failed: error occurred while running build command